usage: phrekyll <command> [options] [args]

Type 'phrekyll help <command>' for help on a specific command.
Type 'phrekyll ? help' for help on using help.
Type 'phrekyll --version' to see the program version and installed plugins.

Available commands:
    clobber
    help (h, ?)
    init (initialize)
    single
    up (build, update)


Phrekyll is an extremely flexible static site generator for PHP.
For additional information, see http://phrekyll.info